{
  "Entries": [
    {
      "RequestUri": "https://endpoint/identities?api-version=2021-10-31-preview",
      "RequestMethod": "POST",
      "RequestHeaders": {
        "Accept": "application/json",
        "Accept-Encoding": "gzip,deflate",
        "Authorization": "Sanitized",
        "Connection": "keep-alive",
        "Content-Length": "34",
        "Content-Type": "application/json",
        "User-Agent": "azsdk-js-communication-identity/1.1.0-beta.2 core-rest-pipeline/1.8.2 Node/v14.17.4 OS/(x64-Windows_NT-10.0.22000)",
        "x-ms-client-request-id": "5d0c3ac9-11cc-4a7c-a878-e1c016a97c76",
        "x-ms-content-sha256": "k4k9IoKBLYipoiXK3LctfBcfghISSb6AI45ji7ILZfg=",
        "x-ms-date": "Tue, 02 Aug 2022 20:30:17 GMT"
      },
      "RequestBody": {
        "createTokenWithScopes": [
          "voip"
        ]
      },
      "StatusCode": 201,
      "ResponseHeaders": {
        "api-supported-versions": "2020-07-20-preview2, 2021-02-22-preview1, 2021-03-07, 2021-10-31-preview, 2021-11-01, 2022-06-01",
        "Content-Length": "220",
        "Content-Type": "application/json; charset=utf-8",
        "Date": "Tue, 02 Aug 2022 20:30:17 GMT",
        "MS-CV": "h0XhRdtcCEuw\u002BxQHzWS/oA.0",
        "Request-Context": "appId=",
        "Strict-Transport-Security": "max-age=2592000",
        "X-Azure-Ref": "0WonpYgAAAADfG2zjp/UDTLatpzYnvHj\u002BV1NURURHRTA4MTMAZjA5YTRjMTMtMjFmMS00OGVjLTljZjctNjY1NDU2ODRiNjQy",
        "X-Cache": "CONFIG_NOCACHE",
        "x-ms-client-request-id": "5d0c3ac9-11cc-4a7c-a878-e1c016a97c76",
        "X-Processing-Time": "42ms"
      },
      "ResponseBody": {
        "identity": {
          "id": "Sanitized"
        },
        "accessToken": {
          "token": "eyJhbGciOiJIUzI1NiIsInR5cCI6IkpXVCJ9.eyJleHAiOjE2NTk0NzU4MTcuMDk4fQ==.adM-ddBZZlQ1WlN3pdPBOF5G4Wh9iZpxNP_fSvpF4cWs",
          "expiresOn": "2022-08-03T20:30:18.2085976\u002B00:00"
        }
      }
    },
    {
      "RequestUri": "https://endpoint/rooms?api-version=2022-02-01",
      "RequestMethod": "POST",
      "RequestHeaders": {
        "Accept": "application/json",
        "Accept-Encoding": "gzip,deflate",
        "Authorization": "Sanitized",
        "Connection": "keep-alive",
        "Content-Length": "250",
        "Content-Type": "application/json",
        "Repeatability-First-Sent": "2022-08-02T20:30:18.040Z",
        "Repeatability-Request-ID": "7405bb0f-e1fc-4b8f-8229-9c58ff0afc85",
        "User-Agent": "azsdk-js-communication-rooms/1.2.0-beta.1 core-rest-pipeline/1.8.2 Node/v14.17.4 OS/(x64-Windows_NT-10.0.22000)",
        "x-ms-client-request-id": "d7073b5b-c89f-48c8-a7e7-4f8644c5769f",
        "x-ms-content-sha256": "pB03B9NDg6bitCVl6bMTOB5xi\u002B6TPKBcZbF6Q\u002By5Jg8=",
        "x-ms-date": "Tue, 02 Aug 2022 20:30:18 GMT"
      },
      "RequestBody": {
        "validFrom": "2022-08-02T20:30:17.000Z",
        "validUntil": "2022-08-02T20:35:17.000Z",
        "roomJoinPolicy": "CommunicationServiceUsers",
        "participants": [
          {
            "communicationIdentifier": {
              "rawId": "Sanitized",
              "communicationUser": {
                "id": "Sanitized"
              }
            },
            "role": "Presenter"
          }
        ]
      },
      "StatusCode": 201,
      "ResponseHeaders": {
        "api-supported-versions": "2021-04-07, 2022-02-01",
        "Content-Type": "application/json; charset=utf-8",
        "Date": "Tue, 02 Aug 2022 20:30:18 GMT",
        "Location": "99432631619171065",
        "MS-CV": "GMOHQh0dZ0mYd62DRTZCOg.0",
        "Repeatability-Result": "accepted",
        "Transfer-Encoding": "chunked",
        "X-Azure-Ref": "0WonpYgAAAACGVCyG4ygzQYehANQTeEM7V1NURURHRTA4MTMAZjA5YTRjMTMtMjFmMS00OGVjLTljZjctNjY1NDU2ODRiNjQy",
        "X-Cache": "CONFIG_NOCACHE"
      },
      "ResponseBody": {
        "id": "99432631619171065",
        "createdDateTime": "2022-08-02T20:30:18.3851894\u002B00:00",
        "validFrom": "2022-08-02T20:30:17\u002B00:00",
        "validUntil": "2022-08-02T20:35:17\u002B00:00",
        "roomJoinPolicy": "CommunicationServiceUsers",
        "participants": [
          {
            "communicationIdentifier": {
              "rawId": "Sanitized",
              "communicationUser": {
                "id": "Sanitized"
              }
            },
            "role": "Presenter"
          }
        ]
      }
    },
    {
      "RequestUri": "https://endpoint/rooms/99432631619171065?api-version=2022-02-01",
      "RequestMethod": "DELETE",
      "RequestHeaders": {
        "Accept": "application/json",
        "Accept-Encoding": "gzip,deflate",
        "Authorization": "Sanitized",
        "Connection": "keep-alive",
        "User-Agent": "azsdk-js-communication-rooms/1.2.0-beta.1 core-rest-pipeline/1.8.2 Node/v14.17.4 OS/(x64-Windows_NT-10.0.22000)",
        "x-ms-client-request-id": "9cbe07aa-f968-44f3-8ee0-8516c16d4a23",
        "x-ms-content-sha256": "47DEQpj8HBSa\u002B/TImW\u002B5JCeuQeRkm5NMpJWZG3hSuFU=",
        "x-ms-date": "Tue, 02 Aug 2022 20:30:18 GMT"
      },
      "RequestBody": null,
      "StatusCode": 204,
      "ResponseHeaders": {
        "api-supported-versions": "2021-04-07, 2022-02-01",
        "Date": "Tue, 02 Aug 2022 20:30:18 GMT",
        "MS-CV": "wcEwymfeh06gEB2tcUd/Vw.0",
        "X-Azure-Ref": "0WonpYgAAAADRe9OUAJFjQbWiddYbWOknV1NURURHRTA4MTMAZjA5YTRjMTMtMjFmMS00OGVjLTljZjctNjY1NDU2ODRiNjQy",
        "X-Cache": "CONFIG_NOCACHE"
      },
      "ResponseBody": null
    }
  ],
  "Variables": {
    "validFrom": "Tue Aug 02 2022 13:30:17 GMT-0700 (Pacific Daylight Time)",
    "validUntil": "Tue Aug 02 2022 13:35:17 GMT-0700 (Pacific Daylight Time)"
  }
}
